
Memory Configuration

Name             Origin             Length             Attributes
*default*        0x0000000000000000 0xffffffffffffffff

Linker script and memory map

LOAD out/startup.o
LOAD out/main.o
OUTPUT(out/main.elf elf32-littlearm)

.glue_7         0x0000000000000000        0x0
 .glue_7        0x0000000000000000        0x0 linker stubs

.glue_7t        0x0000000000000000        0x0
 .glue_7t       0x0000000000000000        0x0 linker stubs

.vfp11_veneer   0x0000000000000000        0x0
 .vfp11_veneer  0x0000000000000000        0x0 linker stubs

.v4_bx          0x0000000000000000        0x0
 .v4_bx         0x0000000000000000        0x0 linker stubs

.text           0x0000000000000000      0x148
 .text          0x0000000000000000       0xc8 out/startup.o
                0x0000000000000000                Vector_Table
                0x0000000000000004                ResetVector
                0x00000000000000c0                Reset_Handler
                0x00000000000000c6                Default_Handler
 .text          0x00000000000000c8       0x80 out/main.o
                0x00000000000000c8                delay
                0x00000000000000e4                main

.iplt           0x0000000000000148        0x0
 .iplt          0x0000000000000148        0x0 out/startup.o

.rel.dyn        0x0000000000000148        0x0
 .rel.iplt      0x0000000000000148        0x0 out/startup.o

.data           0x0000000000000148        0x0
 .data          0x0000000000000148        0x0 out/startup.o
 .data          0x0000000000000148        0x0 out/main.o

.igot.plt       0x0000000000000148        0x0
 .igot.plt      0x0000000000000148        0x0 out/startup.o

.bss            0x0000000000000148        0x0
 .bss           0x0000000000000148        0x0 out/startup.o
 .bss           0x0000000000000148        0x0 out/main.o

.ARM.attributes
                0x0000000000000000       0x2d
 .ARM.attributes
                0x0000000000000000       0x21 out/startup.o
 .ARM.attributes
                0x0000000000000021       0x31 out/main.o

.comment        0x0000000000000000       0x38
 .comment       0x0000000000000000       0x38 out/main.o
                                         0x39 (size before relaxing)

.debug_line     0x0000000000000000       0x97
 .debug_line    0x0000000000000000       0x3c out/startup.o
 .debug_line    0x000000000000003c       0x5b out/main.o

.debug_info     0x0000000000000000       0xe2
 .debug_info    0x0000000000000000       0x7c out/startup.o
 .debug_info    0x000000000000007c       0x66 out/main.o

.debug_abbrev   0x0000000000000000       0x74
 .debug_abbrev  0x0000000000000000       0x14 out/startup.o
 .debug_abbrev  0x0000000000000014       0x60 out/main.o

.debug_aranges  0x0000000000000000       0x40
 .debug_aranges
                0x0000000000000000       0x20 out/startup.o
 .debug_aranges
                0x0000000000000020       0x20 out/main.o

.debug_str      0x0000000000000000       0x9b
 .debug_str     0x0000000000000000       0x9b out/main.o

.debug_frame    0x0000000000000000       0x4c
 .debug_frame   0x0000000000000000       0x4c out/main.o

Cross Reference Table

Symbol                                            File
Default_Handler                                   out/startup.o
ResetVector                                       out/startup.o
Reset_Handler                                     out/startup.o
Vector_Table                                      out/startup.o
delay                                             out/main.o
main                                              out/main.o
                                                  out/startup.o
